Copyright 1986-2022 Xilinx, Inc. All Rights Reserved. Copyright 2022-2025 Advanced Micro Devices, Inc. All Rights Reserved.
---------------------------------------------------------------------------------------------------------------------------------------------
| Tool Version : Vivado v.2025.2 (win64) Build 6299465 Fri Nov 14 19:35:11 GMT 2025
| Date         : Fri Sep 11 18:06:09 2026
| Host         : DESKTOP-3EUKBLL running 64-bit major release  (build 9200)
| Command      : report_timing_summary -file C:/Users/HP/Desktop/conv3x3-edge-accelerator/fpga/reports/timing_summary.rpt
| Design       : top
| Device       : 7z020-clg400
| Speed File   : -1  PRODUCTION 1.12 2019-11-22
| Design State : Routed
---------------------------------------------------------------------------------------------------------------------------------------------

Timing Summary Report

------------------------------------------------------------------------------------------------
| Timer Settings
| --------------
------------------------------------------------------------------------------------------------

  Enable Multi Corner Analysis               :  Yes
  Enable Pessimism Removal                   :  Yes
  Pessimism Removal Resolution               :  Nearest Common Node
  Enable Input Delay Default Clock           :  No
  Enable Preset / Clear Arcs                 :  No
  Disable Flight Delays                      :  No
  Ignore I/O Paths                           :  No
  Timing Early Launch at Borrowing Latches   :  No
  Borrow Time for Max Delay Exceptions       :  Yes
  Merge Timing Exceptions                    :  Yes
  Inter-SLR Compensation                     :  Conservative

  Corner  Analyze    Analyze    
  Name    Max Paths  Min Paths  
  ------  ---------  ---------  
  Slow    Yes        Yes        
  Fast    Yes        Yes        


------------------------------------------------------------------------------------------------
| Report Methodology
| ------------------
------------------------------------------------------------------------------------------------

No report available as report_methodology has not been run prior. Run report_methodology on the current design for the summary of methodology violations.



check_timing report

Table of Contents
-----------------
1. checking no_clock (0)
2. checking constant_clock (0)
3. checking pulse_width_clock (0)
4. checking unconstrained_internal_endpoints (0)
5. checking no_input_delay (23)
6. checking no_output_delay (18)
7. checking multiple_clock (0)
8. checking generated_clocks (0)
9. checking loops (0)
10. checking partial_input_delay (0)
11. checking partial_output_delay (0)
12. checking latch_loops (0)

1. checking no_clock (0)
------------------------
 There are 0 register/latch pins with no clock.


2. checking constant_clock (0)
------------------------------
 There are 0 register/latch pins with constant_clock.


3. checking pulse_width_clock (0)
---------------------------------
 There are 0 register/latch pins which need pulse_width check


4. checking unconstrained_internal_endpoints (0)
------------------------------------------------
 There are 0 pins that are not constrained for maximum delay.

 There are 0 pins that are not constrained for maximum delay due to constant clock.


5. checking no_input_delay (23)
-------------------------------
 There are 0 input ports with no input delay specified.

 There are 23 input ports with no input delay but user has a false path constraint. (MEDIUM)


6. checking no_output_delay (18)
--------------------------------
 There are 0 ports with no output delay specified.

 There are 18 ports with no output delay but user has a false path constraint (MEDIUM)

 There are 0 ports with no output delay but with a timing clock defined on it or propagating through it


7. checking multiple_clock (0)
------------------------------
 There are 0 register/latch pins with multiple clocks.


8. checking generated_clocks (0)
--------------------------------
 There are 0 generated clocks that are not connected to a clock source.


9. checking loops (0)
---------------------
 There are 0 combinational loops in the design.


10. checking partial_input_delay (0)
------------------------------------
 There are 0 input ports with partial input delay specified.


11. checking partial_output_delay (0)
-------------------------------------
 There are 0 ports with partial output delay specified.


12. checking latch_loops (0)
----------------------------
 There are 0 combinational latch loops in the design through latch input



------------------------------------------------------------------------------------------------
| Design Timing Summary
| ---------------------
------------------------------------------------------------------------------------------------

    WNS(ns)      TNS(ns)  TNS Failing Endpoints  TNS Total Endpoints      WHS(ns)      THS(ns)  THS Failing Endpoints  THS Total Endpoints     WPWS(ns)     TPWS(ns)  TPWS Failing Endpoints  TPWS Total Endpoints  
    -------      -------  ---------------------  -------------------      -------      -------  ---------------------  -------------------     --------     --------  ----------------------  --------------------  
      0.742        0.000                      0                  602        0.153        0.000                      0                  602        3.020        0.000                       0                   458  


All user specified timing constraints are met.


------------------------------------------------------------------------------------------------
| Clock Summary
| -------------
------------------------------------------------------------------------------------------------

Clock  Waveform(ns)         Period(ns)      Frequency(MHz)
-----  ------------         ----------      --------------
clk    {0.000 4.000}        8.000           125.000         


------------------------------------------------------------------------------------------------
| Intra Clock Table
| -----------------
------------------------------------------------------------------------------------------------

Clock             WNS(ns)      TNS(ns)  TNS Failing Endpoints  TNS Total Endpoints      WHS(ns)      THS(ns)  THS Failing Endpoints  THS Total Endpoints     WPWS(ns)     TPWS(ns)  TPWS Failing Endpoints  TPWS Total Endpoints  
-----             -------      -------  ---------------------  -------------------      -------      -------  ---------------------  -------------------     --------     --------  ----------------------  --------------------  
clk                 0.742        0.000                      0                  602        0.153        0.000                      0                  602        3.020        0.000                       0                   458  


------------------------------------------------------------------------------------------------
| Inter Clock Table
| -----------------
------------------------------------------------------------------------------------------------

From Clock    To Clock          WNS(ns)      TNS(ns)  TNS Failing Endpoints  TNS Total Endpoints      WHS(ns)      THS(ns)  THS Failing Endpoints  THS Total Endpoints  
----------    --------          -------      -------  ---------------------  -------------------      -------      -------  ---------------------  -------------------  


------------------------------------------------------------------------------------------------
| Other Path Groups Table
| -----------------------
------------------------------------------------------------------------------------------------

Path Group    From Clock    To Clock          WNS(ns)      TNS(ns)  TNS Failing Endpoints  TNS Total Endpoints      WHS(ns)      THS(ns)  THS Failing Endpoints  THS Total Endpoints  
----------    ----------    --------          -------      -------  ---------------------  -------------------      -------      -------  ---------------------  -------------------  


------------------------------------------------------------------------------------------------
| Timing Details
| --------------
------------------------------------------------------------------------------------------------


---------------------------------------------------------------------------------------------------
From Clock:  clk
  To Clock:  clk

Setup :            0  Failing Endpoints,  Worst Slack        0.742ns,  Total Violation        0.000ns
Hold  :            0  Failing Endpoints,  Worst Slack        0.153ns,  Total Violation        0.000ns
PW    :            0  Failing Endpoints,  Worst Slack        3.020ns,  Total Violation        0.000ns
---------------------------------------------------------------------------------------------------


Max Delay Paths
--------------------------------------------------------------------------------------
Slack (MET) :             0.742ns  (required time - arrival time)
  Source:                 u_cu/bottom_edge_reg/C
                            (rising edge-triggered cell FDRE clocked by clk  {rise@0.000ns fall@4.000ns period=8.000ns})
  Destination:            prod_r_reg[8][13]/D
                            (rising edge-triggered cell FDRE clocked by clk  {rise@0.000ns fall@4.000ns period=8.000ns})
  Path Group:             clk
  Path Type:              Setup (Max at Slow Process Corner)
  Requirement:            8.000ns  (clk rise@8.000ns - clk rise@0.000ns)
  Data Path Delay:        7.297ns  (logic 2.973ns (40.741%)  route 4.324ns (59.259%))
  Logic Levels:           7  (CARRY4=4 LUT3=1 LUT5=1 LUT6=1)
  Clock Path Skew:        -0.034ns (DCD - SCD + CPR)
    Destination Clock Delay (DCD):    5.612ns = ( 13.612 - 8.000 ) 
    Source Clock Delay      (SCD):    6.128ns
    Clock Pessimism Removal (CPR):    0.482ns
  Clock Uncertainty:      0.035ns  ((TSJ^2 + TIJ^2)^1/2 + DJ) / 2 + PE
    Total System Jitter     (TSJ):    0.071ns
    Total Input Jitter      (TIJ):    0.000ns
    Discrete Jitter          (DJ):    0.000ns
    Phase Error              (PE):    0.000ns

    Location             Delay type                Incr(ns)  Path(ns)    Netlist Resource(s)
  -------------------------------------------------------------------    -------------------
                         (clock clk rise edge)        0.000     0.000 r  
    H16                                               0.000     0.000 r  clk (IN)
                         net (fo=0)                   0.000     0.000    clk
    H16                  IBUF (Prop_ibuf_I_O)         1.451     1.451 r  clk_IBUF_inst/O
                         net (fo=1, routed)           2.522     3.973    clk_IBUF
    BUFGCTRL_X0Y16       BUFG (Prop_bufg_I_O)         0.101     4.074 r  clk_IBUF_BUFG_inst/O
                         net (fo=457, routed)         2.054     6.128    u_cu/clk_IBUF_BUFG
    SLICE_X107Y107       FDRE                                         r  u_cu/bottom_edge_reg/C
  -------------------------------------------------------------------    -------------------
    SLICE_X107Y107       FDRE (Prop_fdre_C_Q)         0.419     6.547 f  u_cu/bottom_edge_reg/Q
                         net (fo=156, routed)         1.517     8.064    u_wg/bottom_edge
    SLICE_X112Y116       LUT3 (Prop_lut3_I0_O)        0.299     8.363 r  u_wg/prod_r[8][3]_i_10/O
                         net (fo=13, routed)          0.880     9.243    g_mul[8].u_mul/tap_out[8][4]
    SLICE_X112Y116       LUT6 (Prop_lut6_I0_O)        0.124     9.367 r  g_mul[8].u_mul/prod_r[8][3]_i_3/O
                         net (fo=1, routed)           0.463     9.830    g_mul[8].u_mul/prod_r[8][3]_i_3_n_0
    SLICE_X111Y116       CARRY4 (Prop_carry4_DI[3]_CO[3])
                                                      0.385    10.215 r  g_mul[8].u_mul/prod_r_reg[8][3]_i_2/CO[3]
                         net (fo=1, routed)           0.000    10.215    g_mul[8].u_mul/prod_r_reg[8][3]_i_2_n_0
    SLICE_X111Y117       CARRY4 (Prop_carry4_CI_O[1])
                                                      0.334    10.549 r  g_mul[8].u_mul/prod_r_reg[8][15]_i_12/O[1]
                         net (fo=5, routed)           0.839    11.388    g_mul[8].u_mul/prod_r_reg[8][15]_i_12_n_6
    SLICE_X110Y117       LUT5 (Prop_lut5_I3_O)        0.331    11.719 r  g_mul[8].u_mul/prod_r[8][11]_i_5/O
                         net (fo=1, routed)           0.625    12.344    g_mul[8].u_mul/prod_r[8][11]_i_5_n_0
    SLICE_X108Y117       CARRY4 (Prop_carry4_DI[0]_CO[3])
                                                      0.758    13.102 r  g_mul[8].u_mul/prod_r_reg[8][11]_i_1/CO[3]
                         net (fo=1, routed)           0.000    13.102    g_mul[8].u_mul/prod_r_reg[8][11]_i_1_n_0
    SLICE_X108Y118       CARRY4 (Prop_carry4_CI_O[1])
                                                      0.323    13.425 r  g_mul[8].u_mul/prod_r_reg[8][15]_i_1/O[1]
                         net (fo=1, routed)           0.000    13.425    prod[8][13]
    SLICE_X108Y118       FDRE                                         r  prod_r_reg[8][13]/D
  -------------------------------------------------------------------    -------------------

                         (clock clk rise edge)        8.000     8.000 r  
    H16                                               0.000     8.000 r  clk (IN)
                         net (fo=0)                   0.000     8.000    clk
    H16                  IBUF (Prop_ibuf_I_O)         1.380     9.380 r  clk_IBUF_inst/O
                         net (fo=1, routed)           2.293    11.673    clk_IBUF
    BUFGCTRL_X0Y16       BUFG (Prop_bufg_I_O)         0.091    11.764 r  clk_IBUF_BUFG_inst/O
                         net (fo=457, routed)         1.847    13.612    clk_IBUF_BUFG
    SLICE_X108Y118       FDRE                                         r  prod_r_reg[8][13]/C
                         clock pessimism              0.482    14.094    
                         clock uncertainty           -0.035    14.058    
    SLICE_X108Y118       FDRE (Setup_fdre_C_D)        0.109    14.167    prod_r_reg[8][13]
  -------------------------------------------------------------------
                         required time                         14.167    
                         arrival time                         -13.425    
  -------------------------------------------------------------------
                         slack                                  0.742    





Min Delay Paths
--------------------------------------------------------------------------------------
Slack (MET) :             0.153ns  (arrival time - required time)
  Source:                 u_cu/FSM_onehot_state_reg[2]/C
                            (rising edge-triggered cell FDRE clocked by clk  {rise@0.000ns fall@4.000ns period=8.000ns})
  Destination:            u_cu/out_c_reg[1]/D
                            (rising edge-triggered cell FDRE clocked by clk  {rise@0.000ns fall@4.000ns period=8.000ns})
  Path Group:             clk
  Path Type:              Hold (Min at Fast Process Corner)
  Requirement:            0.000ns  (clk rise@0.000ns - clk rise@0.000ns)
  Data Path Delay:        0.257ns  (logic 0.186ns (72.481%)  route 0.071ns (27.519%))
  Logic Levels:           1  (LUT6=1)
  Clock Path Skew:        0.013ns (DCD - SCD - CPR)
    Destination Clock Delay (DCD):    2.325ns
    Source Clock Delay      (SCD):    1.796ns
    Clock Pessimism Removal (CPR):    0.517ns

    Location             Delay type                Incr(ns)  Path(ns)    Netlist Resource(s)
  -------------------------------------------------------------------    -------------------
                         (clock clk rise edge)        0.000     0.000 r  
    H16                                               0.000     0.000 r  clk (IN)
                         net (fo=0)                   0.000     0.000    clk
    H16                  IBUF (Prop_ibuf_I_O)         0.219     0.219 r  clk_IBUF_inst/O
                         net (fo=1, routed)           0.842     1.060    clk_IBUF
    BUFGCTRL_X0Y16       BUFG (Prop_bufg_I_O)         0.026     1.086 r  clk_IBUF_BUFG_inst/O
                         net (fo=457, routed)         0.709     1.796    u_cu/clk_IBUF_BUFG
    SLICE_X111Y120       FDRE                                         r  u_cu/FSM_onehot_state_reg[2]/C
  -------------------------------------------------------------------    -------------------
    SLICE_X111Y120       FDRE (Prop_fdre_C_Q)         0.141     1.937 r  u_cu/FSM_onehot_state_reg[2]/Q
                         net (fo=6, routed)           0.071     2.007    u_cu/FSM_onehot_state_reg_n_0_[2]
    SLICE_X110Y120       LUT6 (Prop_lut6_I4_O)        0.045     2.052 r  u_cu/out_c[1]_i_1/O
                         net (fo=1, routed)           0.000     2.052    u_cu/out_c[1]_i_1_n_0
    SLICE_X110Y120       FDRE                                         r  u_cu/out_c_reg[1]/D
  -------------------------------------------------------------------    -------------------

                         (clock clk rise edge)        0.000     0.000 r  
    H16                                               0.000     0.000 r  clk (IN)
                         net (fo=0)                   0.000     0.000    clk
    H16                  IBUF (Prop_ibuf_I_O)         0.406     0.406 r  clk_IBUF_inst/O
                         net (fo=1, routed)           0.907     1.313    clk_IBUF
    BUFGCTRL_X0Y16       BUFG (Prop_bufg_I_O)         0.029     1.342 r  clk_IBUF_BUFG_inst/O
                         net (fo=457, routed)         0.983     2.325    u_cu/clk_IBUF_BUFG
    SLICE_X110Y120       FDRE                                         r  u_cu/out_c_reg[1]/C
                         clock pessimism             -0.517     1.809    
    SLICE_X110Y120       FDRE (Hold_fdre_C_D)         0.091     1.900    u_cu/out_c_reg[1]
  -------------------------------------------------------------------
                         required time                         -1.900    
                         arrival time                           2.052    
  -------------------------------------------------------------------
                         slack                                  0.153    





Pulse Width Checks
--------------------------------------------------------------------------------------
Clock Name:         clk
Waveform(ns):       { 0.000 4.000 }
Period(ns):         8.000
Sources:            { clk }

Check Type        Corner  Lib Pin      Reference Pin  Required(ns)  Actual(ns)  Slack(ns)  Location        Pin
Min Period        n/a     BUFG/I       n/a            2.155         8.000       5.845      BUFGCTRL_X0Y16  clk_IBUF_BUFG_inst/I
Low Pulse Width   Slow    SRLC32E/CLK  n/a            0.980         4.000       3.020      SLICE_X104Y106  u_wg/LB0/sr_reg[30][0]_srl28___u_wg_LB0_sr_reg_r_26/CLK
High Pulse Width  Slow    SRLC32E/CLK  n/a            0.980         4.000       3.020      SLICE_X104Y106  u_wg/LB0/sr_reg[30][0]_srl28___u_wg_LB0_sr_reg_r_26/CLK



