Copyright 1986-2022 Xilinx, Inc. All Rights Reserved. Copyright 2022-2025 Advanced Micro Devices, Inc. All Rights Reserved.
---------------------------------------------------------------------------------------------------------------------------------------------
| Tool Version : Vivado v.2025.2 (win64) Build 6299465 Fri Nov 14 19:35:11 GMT 2025
| Date         : Fri Sep 11 12:12:26 2026
| Host         : DESKTOP-3EUKBLL running 64-bit major release  (build 9200)
| Command      : report_utilization -hierarchical -file C:/Users/HP/Desktop/conv3x3-edge-accelerator/fpga/reports/utilization_hier.rpt
| Design       : top
| Device       : xc7z020clg400-1
| Speed File   : -1
| Design State : Routed
---------------------------------------------------------------------------------------------------------------------------------------------

Utilization Design Information

Table of Contents
-----------------
1. Utilization by Hierarchy

1. Utilization by Hierarchy
---------------------------

+------------------+-------------+------------+------------+---------+------+-----+--------+--------+------------+
|     Instance     |    Module   | Total LUTs | Logic LUTs | LUTRAMs | SRLs | FFs | RAMB36 | RAMB18 | DSP Blocks |
+------------------+-------------+------------+------------+---------+------+-----+--------+--------+------------+
| top              |       (top) |        890 |        874 |       0 |   16 | 437 |      0 |      0 |          0 |
|   (top)          |       (top) |         89 |         89 |       0 |    0 | 217 |      0 |      0 |          0 |
|   g_mul[0].u_mul |     mult8x8 |         55 |         55 |       0 |    0 |   0 |      0 |      0 |          0 |
|   g_mul[1].u_mul |   mult8x8_0 |         52 |         52 |       0 |    0 |   0 |      0 |      0 |          0 |
|   g_mul[2].u_mul |   mult8x8_1 |         52 |         52 |       0 |    0 |   0 |      0 |      0 |          0 |
|   g_mul[3].u_mul |   mult8x8_2 |         56 |         56 |       0 |    0 |   0 |      0 |      0 |          0 |
|   g_mul[4].u_mul |   mult8x8_3 |         52 |         52 |       0 |    0 |   0 |      0 |      0 |          0 |
|   g_mul[5].u_mul |   mult8x8_4 |         56 |         56 |       0 |    0 |   0 |      0 |      0 |          0 |
|   g_mul[6].u_mul |   mult8x8_5 |         54 |         54 |       0 |    0 |   0 |      0 |      0 |          0 |
|   g_mul[7].u_mul |   mult8x8_6 |         52 |         52 |       0 |    0 |   0 |      0 |      0 |          0 |
|   g_mul[8].u_mul |   mult8x8_7 |         56 |         56 |       0 |    0 |   0 |      0 |      0 |          0 |
|   u_cr           |   coeff_reg |         96 |         96 |       0 |    0 |  72 |      0 |      0 |          0 |
|   u_cu           | control_fsm |        165 |        165 |       0 |    0 |  31 |      0 |      0 |          0 |
|   u_wg           |  window_gen |         96 |         80 |       0 |   16 | 117 |      0 |      0 |          0 |
|     LB0          | line_buffer |         34 |         26 |       0 |    8 |  61 |      0 |      0 |          0 |
+------------------+-------------+------------+------------+---------+------+-----+--------+--------+------------+
* Note: The sum of lower-level cells may be larger than their parent cells total, due to cross-hierarchy LUT combining


